// Jest Snapshot v1, https://goo.gl/fbAQLP

exports[`test the home component 1`] = `
<section
  className="container"
>
  <div
    className="finaal"
  >
    <p
      className="para"
    >
      let us do some math!!
    </p>
    <div
      className="all"
    >
      <div
        className="screen"
      >
        0
      </div>
      <div
        className="Keys"
      >
        <button
          onClick={[Function]}
          type="button"
        >
          AC
        </button>
        <button
          onClick={[Function]}
          type="button"
        >
          +/-
        </button>
        <button
          onClick={[Function]}
          type="button"
        >
          %
        </button>
        <button
          className="Orange"
          onClick={[Function]}
          type="button"
        >
          รท
        </button>
        <button
          onClick={[Function]}
          type="button"
        >
          7
        </button>
        <button
          onClick={[Function]}
          type="button"
        >
          8
        </button>
        <button
          onClick={[Function]}
          type="button"
        >
          9
        </button>
        <button
          className="Orange"
          onClick={[Function]}
          type="button"
        >
          ร
        </button>
        <button
          onClick={[Function]}
          type="button"
        >
          4
        </button>
        <button
          onClick={[Function]}
          type="button"
        >
          5
        </button>
        <button
          onClick={[Function]}
          type="button"
        >
          6
        </button>
        <button
          className="Orange"
          onClick={[Function]}
          type="button"
        >
          -
        </button>
        <button
          onClick={[Function]}
          type="button"
        >
          1
        </button>
        <button
          onClick={[Function]}
          type="button"
        >
          2
        </button>
        <button
          onClick={[Function]}
          type="button"
        >
          3
        </button>
        <button
          className="Orange"
          onClick={[Function]}
          type="button"
        >
          +
        </button>
        <button
          className="Zero"
          onClick={[Function]}
          type="button"
        >
          0
        </button>
        <button
          onClick={[Function]}
          type="button"
        >
          .
        </button>
        <button
          className="Orange"
          onClick={[Function]}
          type="button"
        >
          =
        </button>
      </div>
    </div>
  </div>
</section>
`;
